Microchip MPLAB XC8 Compiler V3.00

Linker command line:

-W-3 \
  --edf=C:/Program Files/Microchip/MPLABX/v6.25/packs/Microchip/PIC18F-Q_DFP/1.27.449/xc8\pic\dat\20250204174324_en.msgs \
  -pivt0x8=08h -cn -h+dist/default/debug\EMU8008.X.debug.sym \
  --cmf=dist/default/debug\EMU8008.X.debug.cmf -z -Q18F47Q43 \
  -oC:\Users\hiroy\AppData\Local\Temp\xcAs9eg.\driver_tmp_3.o \
  --defsym=__MPLAB_BUILD=1 --fixupoverflow=error \
  -Mdist/default/debug/EMU8008.X.debug.map \
  --md=C:\Users\hiroy\AppData\Local\Temp\xcAs9eg.\driver_tmp_0.dat -E1 \
  -ver=XC8 Compiler -p_rom_text=10000h -ACODE=00h-01FFFFh \
  -ACONST=00h-01FFFFh -ASMALLCONST=02600h-026FFhx218,012600h-0126FFhx218 \
  -AMEDIUMCONST=02600h-0FFFFh,012600h-01FFFFh -ACOMRAM=0501h-055Fh \
  -AABS1=0500h-024FFh -ABIGRAM=0501h-024FFh \
  -ARAM=0560h-05FFh,0600h-06FFhx31 -ABANK5=0560h-05FFh -ABANK6=0600h-06FFh \
  -ABANK7=0700h-07FFh -ABANK8=0800h-08FFh -ABANK9=0900h-09FFh \
  -ABANK10=0A00h-0AFFh -ABANK11=0B00h-0BFFh -ABANK12=0C00h-0CFFh \
  -ABANK13=0D00h-0DFFh -ABANK14=0E00h-0EFFh -ABANK15=0F00h-0FFFh \
  -ABANK16=01000h-010FFh -ABANK17=01100h-011FFh -ABANK18=01200h-012FFh \
  -ABANK19=01300h-013FFh -ABANK20=01400h-014FFh -ABANK21=01500h-015FFh \
  -ABANK22=01600h-016FFh -ABANK23=01700h-017FFh -ABANK24=01800h-018FFh \
  -ABANK25=01900h-019FFh -ABANK26=01A00h-01AFFh -ABANK27=01B00h-01BFFh \
  -ABANK28=01C00h-01CFFh -ABANK29=01D00h-01DFFh -ABANK30=01E00h-01EFFh \
  -ABANK31=01F00h-01FFFh -ABANK32=02000h-020FFh -ABANK33=02100h-021FFh \
  -ABANK34=02200h-022FFh -ABANK35=02300h-023FFh -ABANK36=02400h-024FFh \
  -ASFR=00h-0FFhx4,0400h-045Fh,0460h-04FFh,02500h-025FFh \
  -ABIGSFR=00h-04FFh,02500h-025FFh -ACONFIG=0300000h-0300011h \
  -AIDLOC=0200000h-020003Fh -AEEDATA=0380000h-03803FFh -peeprom_data=EEDATA \
  -preset_vec=00h -ppowerup=CODE,init -pramtop=02600h \
  -psmallconst=SMALLCONST -pmediumconst=MEDIUMCONST -pconst=CONST \
  -AFARRAM=00h-00h \
  -prdata=COMRAM,nvrram=COMRAM,nvbit=COMRAM,rbss=COMRAM,rbit=COMRAM \
  -pfarbss=FARRAM,fardata=FARRAM,nvFARRAM=FARRAM \
  -pintsave_regs=BIGRAM,bigbss=BIGRAM,bigdata=BIGRAM -pbss=RAM \
  -pidata=CODE,irdata=CODE,ibigdata=CODE,ifardata=CODE -prparam=COMRAM \
  C:\Users\hiroy\AppData\Local\Temp\xcAs9eg.\driver_tmp_14.o \
  dist/default/debug\EMU8008.X.debug.o 

Object code version is 3.11

Machine type is 18F47Q43



                Name                               Link     Load   Length Selector   Space Scale
C:\Users\hiroy\AppData\Local\Temp\xcAs9eg.\driver_tmp_14.o
                config                           300000   300000        A        0       4
                init                              13876    13876        4     8000       0
                reset_vec                             0        0        6        0       0
dist/default/debug\EMU8008.X.debug.o
                config                           300000   300000        A        0       4
                smallconst                         2600     2600       7C     1300       0
                ivt0x8                                8        8       FA        4       0
                text26                            1505C    1505C      142     5417       0
                text25                            15534    15534       B4     5417       0
                text24                            15A38    15A38        2     568E       0
                text23                            1519E    1519E      140     5417       0
                text22                            14A5E    14A5E      286     8000       0
                text21                            15736    15736       8A     5417       0
                text20                            152DE    152DE       D0     5417       0
                text19                            1442E    1442E      328     8000       0
                text18                            159B8    159B8       2E     5417       0
                text17                            14756    14756      308     8000       0
                text16                            15880    15880       46     5417       0
                text15                            1547A    1547A       BA     5417       0
                text14                            153AE    153AE       CC     5417       0
                text13                            14EB2    14EB2      1A8     8000       0
                text12                            15836    15836       4A     5417       0
                text11                            158C6    158C6       44     5417       0
                text10                            15A2A    15A2A        C     5417       0
                text9                             15696    15696       A0     5417       0
                text8                             1594C    1594C       38     5417       0
                text7                             157C0    157C0       76     5417       0
                text6                             15984    15984       34     5417       0
                text5                             1387A    1387A      87C     8000       0
                text4                             155E8    155E8       AE     5417       0
                text3                             14CE4    14CE4      1CE     8000       0
                text2                             1590A    1590A       42     5417       0
                text1                             159E6    159E6       24     5417       0
                text0                             140F6    140F6      338     8000       0
                cstackCOMRAMh                       503      503       5D      503       1
                cstackBANK5                         5BF      5BF       38      560       1
                bssBANK5                            560      560       5F      560       1
                cinit                             15A0A    15A0A       20     5417       0
                _rom_text                         10000    10000     3876     8000       0

TOTAL           Name                               Link     Load   Length     Space
        CLASS   CODE           
                init                              13876    13876        4         0
                reset_vec                             0        0        6         0
                ivt0x8                                8        8       FA         0
                text26                            1505C    1505C      142         0
                text25                            15534    15534       B4         0
                text24                            15A38    15A38        2         0
                text23                            1519E    1519E      140         0
                text22                            14A5E    14A5E      286         0
                text21                            15736    15736       8A         0
                text20                            152DE    152DE       D0         0
                text19                            1442E    1442E      328         0
                text18                            159B8    159B8       2E         0
                text17                            14756    14756      308         0
                text16                            15880    15880       46         0
                text15                            1547A    1547A       BA         0
                text14                            153AE    153AE       CC         0
                text13                            14EB2    14EB2      1A8         0
                text12                            15836    15836       4A         0
                text11                            158C6    158C6       44         0
                text10                            15A2A    15A2A        C         0
                text9                             15696    15696       A0         0
                text8                             1594C    1594C       38         0
                text7                             157C0    157C0       76         0
                text6                             15984    15984       34         0
                text5                             1387A    1387A      87C         0
                text4                             155E8    155E8       AE         0
                text3                             14CE4    14CE4      1CE         0
                text2                             1590A    1590A       42         0
                text1                             159E6    159E6       24         0
                text0                             140F6    140F6      338         0
                cinit                             15A0A    15A0A       20         0
                _rom_text                         10000    10000     3876         0

        CLASS   CONST          

        CLASS   SMALLCONST     
                smallconst                         2600     2600       7C         0

        CLASS   MEDIUMCONST    

        CLASS   COMRAM         
                cstackCOMRAMh                       503      503       5D         1

        CLASS   ABS1           
                abs_s1                              501      501        2         1
                abs_s1                              600      600     1F00         1

        CLASS   BIGRAM         

        CLASS   RAM            

        CLASS   BANK5          
                cstackBANK5                         5BF      5BF       38         1
                bssBANK5                            560      560       5F         1

        CLASS   BANK6          

        CLASS   BANK7          

        CLASS   BANK8          

        CLASS   BANK9          

        CLASS   BANK10         

        CLASS   BANK11         

        CLASS   BANK12         

        CLASS   BANK13         

        CLASS   BANK14         

        CLASS   BANK15         

        CLASS   BANK16         

        CLASS   BANK17         

        CLASS   BANK18         

        CLASS   BANK19         

        CLASS   BANK20         

        CLASS   BANK21         

        CLASS   BANK22         

        CLASS   BANK23         

        CLASS   BANK24         

        CLASS   BANK25         

        CLASS   BANK26         

        CLASS   BANK27         

        CLASS   BANK28         

        CLASS   BANK29         

        CLASS   BANK30         

        CLASS   BANK31         

        CLASS   BANK32         

        CLASS   BANK33         

        CLASS   BANK34         

        CLASS   BANK35         

        CLASS   BANK36         

        CLASS   SFR            

        CLASS   BIGSFR         

        CLASS   CONFIG         
                config                           300000   300000        A         4

        CLASS   IDLOC          

        CLASS   EEDATA         

        CLASS   FARRAM         

        CLASS   HEAP           

        CLASS   STACK          



SEGMENTS        Name                           Load    Length   Top    Selector   Space  Class

                reset_vec                      000000  000006  000006         0       0  CODE    
                ivt0x8                         000008  0000FA  000102         4       0  CODE    
                cstackCOMRAMh                  000503  00005D  000560       503       1  COMRAM  
                bssBANK5                       000560  000097  0005F7       560       1  BANK5   
                smallconst                     002600  00007C  00267C      1300       0  SMALLCON
                _rom_text                      010000  00505A  01505A      8000       0  CODE    
                text26                         01505C  0009DA  015A36      5417       0  CODE    
                text24                         015A38  000002  015A3A      568E       0  CODE    


UNUSED ADDRESS RANGES

        Name                Unused          Largest block    Delta
        BANK5            0005F7-0005FF                9
        BIGRAM           0005F7-0005FF                9
        BIGSFR           000000-0004FF              500
                         002500-0025FF              100
        CODE             000006-000007                2
                         000102-0025FF             24FE
                         00267C-00FFFF             D984
                         01505A-01505B                2
                         015A36-015A37                2
                         015A3A-01FFFF             A5C6
        CONFIG           30000A-300011                8
        CONST            000006-000007                2
                         000102-0025FF             24FE
                         00267C-00FFFF             D984
                         01505A-01505B                2
                         015A36-015A37                2
                         015A3A-01FFFF             A5C6
        EEDATA           380000-3803FF              400
        IDLOC            200000-20003F               40
        MEDIUMCONST      00267C-00FFFF             D984
                         01505A-01505B                2
                         015A36-015A37                2
                         015A3A-01FFFF             A5C6
        RAM              0005F7-0005FF                9
        SFR              000000-0004FF              100
                         002500-0025FF              100
        SMALLCONST       00267C-00FFFF              100
                         01505A-01505B                2
                         015A36-015A37                2
                         015A3A-01FFFF              100

                                  Symbol Table

?___fladd                   cstackCOMRAMh 000503
?___fldiv                   cstackCOMRAMh 000511
?___flmul                   cstackCOMRAMh 000511
?___flneg                   cstackCOMRAMh 000503
?___flsub                   cstackCOMRAMh 00052A
?___fltol                   cstackCOMRAMh 000503
?___fpclassifyf             cstackCOMRAMh 000503
?___xxtofl                  cstackCOMRAMh 000503
?_floorf                    cstackCOMRAMh 00052A
?_labs                      cstackCOMRAMh 000503
?_printf                    cstackCOMRAMh 00055B
?_read_prec_or_width        cstackCOMRAMh 000503
?_vfprintf                  cstackCOMRAMh 000555
IVTBASEH                    (abs)         00045E
IVTBASEL                    (abs)         00045D
IVTBASEU                    (abs)         00045F
_ANSELA                     (abs)         000400
_ANSELA6                    (abs)         002006
_ANSELA7                    (abs)         002007
_ANSELB                     (abs)         000408
_ANSELB4                    (abs)         002044
_ANSELB5                    (abs)         002045
_ANSELC                     (abs)         000410
_ANSELD                     (abs)         000418
_ANSELE                     (abs)         000420
_BSR                        (abs)         0004E0
_CLC1IE                     (abs)         0024F5
_CLC1IF                     (abs)         002575
_CLC2IE                     (abs)         002521
_CLC2IF                     (abs)         0025A1
_CLC3IE                     (abs)         00252D
_CLC3IF                     (abs)         0025AD
_CLC4IE                     (abs)         00253D
_CLC4IF                     (abs)         0025BD
_CLC5IE                     (abs)         002541
_CLC5IF                     (abs)         0025C1
_CLC6IE                     (abs)         002549
_CLC6IF                     (abs)         0025C9
_CLC7IE                     (abs)         002561
_CLC7IF                     (abs)         0025E1
_CLC8IE                     (abs)         002569
_CLC8IF                     (abs)         0025E9
_CLCIN0PPS                  (abs)         000261
_CLCIN1PPS                  (abs)         000262
_CLCIN2PPS                  (abs)         000263
_CLCIN3PPS                  (abs)         000264
_CLCIN4PPS                  (abs)         000265
_CLCIN6PPS                  (abs)         000267
_CLCSELECT                  (abs)         0000D5
_CLCnCON                    (abs)         0000D6
_CLCnGLS0                   (abs)         0000DC
_CLCnGLS1                   (abs)         0000DD
_CLCnGLS2                   (abs)         0000DE
_CLCnGLS3                   (abs)         0000DF
_CLCnPOL                    (abs)         0000D7
_CLCnSEL0                   (abs)         0000D8
_CLCnSEL1                   (abs)         0000D9
_CLCnSEL2                   (abs)         0000DA
_CLCnSEL3                   (abs)         0000DB
_Default_ISR                text24        015A38
_FSR0H                      (abs)         0004EA
_FSR0L                      (abs)         0004E9
_GIE                        (abs)         0026B7
_INTLOG                     (abs)         000502
_INT_PC                     (abs)         000501
_IVTBASE                    (abs)         00045D
_IVTLOCK                    (abs)         000459
_IVTLOCKbits                (abs)         000459
_LATA5                      (abs)         0025F5
_LATA6                      (abs)         0025F6
_LATC5                      (abs)         002605
_LATD                       (abs)         0004C1
_OSCFRQ                     (abs)         0000B1
_PIR9                       (abs)         0004B7
_PORTD                      (abs)         0004D1
_PWM1CLK                    (abs)         000461
_PWM1CON                    (abs)         000469
_PWM1GIE                    (abs)         000468
_PWM1PR                     (abs)         000463
_PWM1S1CFG                  (abs)         00046A
_PWM1S1P1                   (abs)         00046B
_PWM2CLK                    (abs)         000470
_PWM2CON                    (abs)         000478
_PWM2GIE                    (abs)         000477
_PWM2PR                     (abs)         000472
_PWM2S1CFG                  (abs)         000479
_PWM2S1P1                   (abs)         00047A
_RA6PPS                     (abs)         000207
_RB3                        (abs)         00267B
_RB4PPS                     (abs)         00020D
_RB5                        (abs)         00267D
_RB5PPS                     (abs)         00020E
_RC5                        (abs)         002685
_T1I_ISR                    text26        01505C
_T1_ISR                     text25        015534
_T2_addr                    (abs)         000500
_TBLPTRH                    (abs)         0004F7
_TBLPTRL                    (abs)         0004F6
_TBLPTRU                    (abs)         0004F8
_TRISA                      (abs)         0004C6
_TRISA5                     (abs)         002635
_TRISA6                     (abs)         002636
_TRISA7                     (abs)         002637
_TRISB                      (abs)         0004C7
_TRISB4                     (abs)         00263C
_TRISB5                     (abs)         00263D
_TRISC                      (abs)         0004C8
_TRISC5                     (abs)         002645
_TRISD                      (abs)         0004C9
_TRISE                      (abs)         0004CA
_U3BRG                      (abs)         0002D4
_U3ON                       (abs)         001697
_U3RXB                      (abs)         0002C7
_U3RXEN                     (abs)         00168C
_U3RXPPS                    (abs)         000276
_U3TXB                      (abs)         0002C9
_U3TXEN                     (abs)         00168D
_U3TXIF                     (abs)         0025B9
_WPUA                       (abs)         000401
_WPUB                       (abs)         000409
_WPUC                       (abs)         000411
_WPUD                       (abs)         000419
_WPUE                       (abs)         000421
_WREG                       (abs)         0004E8
__HRAM                      (abs)         000000
__H__absolute__             __absolute__  000000
__H_rom_text                _rom_text     013876
__Habs1                     abs1          000000
__Hbank10                   bank10        000000
__Hbank11                   bank11        000000
__Hbank12                   bank12        000000
__Hbank13                   bank13        000000
__Hbank14                   bank14        000000
__Hbank15                   bank15        000000
__Hbank16                   bank16        000000
__Hbank17                   bank17        000000
__Hbank18                   bank18        000000
__Hbank19                   bank19        000000
__Hbank20                   bank20        000000
__Hbank21                   bank21        000000
__Hbank22                   bank22        000000
__Hbank23                   bank23        000000
__Hbank24                   bank24        000000
__Hbank25                   bank25        000000
__Hbank26                   bank26        000000
__Hbank27                   bank27        000000
__Hbank28                   bank28        000000
__Hbank29                   bank29        000000
__Hbank30                   bank30        000000
__Hbank31                   bank31        000000
__Hbank32                   bank32        000000
__Hbank33                   bank33        000000
__Hbank34                   bank34        000000
__Hbank35                   bank35        000000
__Hbank36                   bank36        000000
__Hbank5                    bank5         000000
__Hbank6                    bank6         000000
__Hbank7                    bank7         000000
__Hbank8                    bank8         000000
__Hbank9                    bank9         000000
__Hbigbss                   bigbss        000000
__Hbigdata                  bigdata       000000
__Hbigram                   bigram        000000
__Hbigsfr                   bigsfr        000000
__Hbss                      bss           000000
__HbssBANK5                 bssBANK5      000000
__Hcinit                    cinit         000000
__Hclrtext                  clrtext       000000
__Hcomram                   comram        000000
__Hconfig                   config        30000A
__Hconst                    const         000000
__HcstackBANK5              cstackBANK5   000000
__HcstackCOMRAMh            cstackCOMRAMh 000000
__Hdata                     data          000000
__Heeprom_data              eeprom_data   000000
__Hfarbss                   farbss        000000
__Hfardata                  fardata       000000
__Hheap                     heap          000000
__Hibigdata                 ibigdata      000000
__Hidata                    idata         000000
__Hidloc                    idloc         000000
__Hifardata                 ifardata      000000
__Hinit                     init          01387A
__Hintsave_regs             intsave_regs  000000
__Hirdata                   irdata        000000
__Hivt0x8                   ivt0x8        000102
__Hmediumconst              mediumconst   000000
__HnvFARRAM                 nvFARRAM      000000
__Hnvbit                    nvbit         000000
__Hnvrram                   nvrram        000000
__Hparam                    rparam        000000
__Hpowerup                  powerup       000000
__Hram                      ram           000000
__Hramtop                   ramtop        002600
__Hrbit                     rbit          000000
__Hrbss                     rbss          000000
__Hrdata                    rdata         000000
__Hreset_vec                reset_vec     000006
__Hrparam                   rparam        000000
__Hsfr                      sfr           000000
__Hsmallconst               smallconst    00267C
__Hspace_0                  (abs)         015A3A
__Hspace_1                  (abs)         0005F7
__Hspace_2                  (abs)         000000
__Hspace_4                  (abs)         60000A
__Hstack                    stack         000000
__Hstruct                   struct        000000
__Htemp                     temp          000000
__Htext                     text          000000
__Htext0                    text0         000000
__Htext1                    text1         000000
__Htext10                   text10        000000
__Htext11                   text11        000000
__Htext12                   text12        000000
__Htext13                   text13        000000
__Htext14                   text14        000000
__Htext15                   text15        000000
__Htext16                   text16        000000
__Htext17                   text17        000000
__Htext18                   text18        000000
__Htext19                   text19        000000
__Htext2                    text2         000000
__Htext20                   text20        000000
__Htext21                   text21        000000
__Htext22                   text22        000000
__Htext23                   text23        000000
__Htext24                   text24        000000
__Htext25                   text25        000000
__Htext26                   text26        000000
__Htext3                    text3         000000
__Htext4                    text4         000000
__Htext5                    text5         000000
__Htext6                    text6         000000
__Htext7                    text7         000000
__Htext8                    text8         000000
__Htext9                    text9         000000
__LRAM                      (abs)         000001
__L__absolute__             __absolute__  000000
__L_rom_text                _rom_text     010000
__Labs1                     abs1          000000
__Lbank10                   bank10        000000
__Lbank11                   bank11        000000
__Lbank12                   bank12        000000
__Lbank13                   bank13        000000
__Lbank14                   bank14        000000
__Lbank15                   bank15        000000
__Lbank16                   bank16        000000
__Lbank17                   bank17        000000
__Lbank18                   bank18        000000
__Lbank19                   bank19        000000
__Lbank20                   bank20        000000
__Lbank21                   bank21        000000
__Lbank22                   bank22        000000
__Lbank23                   bank23        000000
__Lbank24                   bank24        000000
__Lbank25                   bank25        000000
__Lbank26                   bank26        000000
__Lbank27                   bank27        000000
__Lbank28                   bank28        000000
__Lbank29                   bank29        000000
__Lbank30                   bank30        000000
__Lbank31                   bank31        000000
__Lbank32                   bank32        000000
__Lbank33                   bank33        000000
__Lbank34                   bank34        000000
__Lbank35                   bank35        000000
__Lbank36                   bank36        000000
__Lbank5                    bank5         000000
__Lbank6                    bank6         000000
__Lbank7                    bank7         000000
__Lbank8                    bank8         000000
__Lbank9                    bank9         000000
__Lbigbss                   bigbss        000000
__Lbigdata                  bigdata       000000
__Lbigram                   bigram        000000
__Lbigsfr                   bigsfr        000000
__Lbss                      bss           000000
__LbssBANK5                 bssBANK5      000000
__Lcinit                    cinit         000000
__Lclrtext                  clrtext       000000
__Lcomram                   comram        000000
__Lconfig                   config        000000
__Lconst                    const         000000
__LcstackBANK5              cstackBANK5   000000
__LcstackCOMRAMh            cstackCOMRAMh 000000
__Ldata                     data          000000
__Leeprom_data              eeprom_data   000000
__Lfarbss                   farbss        000000
__Lfardata                  fardata       000000
__Lheap                     heap          000000
__Libigdata                 ibigdata      000000
__Lidata                    idata         000000
__Lidloc                    idloc         000000
__Lifardata                 ifardata      000000
__Linit                     init          013876
__Lintsave_regs             intsave_regs  000000
__Lirdata                   irdata        000000
__Livt0x8                   ivt0x8        000008
__Lmediumconst              mediumconst   000000
__LnvFARRAM                 nvFARRAM      000000
__Lnvbit                    nvbit         000000
__Lnvrram                   nvrram        000000
__Lparam                    rparam        000000
__Lpowerup                  powerup       000000
__Lram                      ram           000000
__Lramtop                   ramtop        002600
__Lrbit                     rbit          000000
__Lrbss                     rbss          000000
__Lrdata                    rdata         000000
__Lreset_vec                reset_vec     000000
__Lrparam                   rparam        000000
__Lsfr                      sfr           000000
__Lsmallconst               smallconst    002600
__Lspace_0                  (abs)         000000
__Lspace_1                  (abs)         000000
__Lspace_2                  (abs)         000000
__Lspace_4                  (abs)         000000
__Lstack                    stack         000000
__Lstruct                   struct        000000
__Ltemp                     temp          000000
__Ltext                     text          000000
__Ltext0                    text0         000000
__Ltext1                    text1         000000
__Ltext10                   text10        000000
__Ltext11                   text11        000000
__Ltext12                   text12        000000
__Ltext13                   text13        000000
__Ltext14                   text14        000000
__Ltext15                   text15        000000
__Ltext16                   text16        000000
__Ltext17                   text17        000000
__Ltext18                   text18        000000
__Ltext19                   text19        000000
__Ltext2                    text2         000000
__Ltext20                   text20        000000
__Ltext21                   text21        000000
__Ltext22                   text22        000000
__Ltext23                   text23        000000
__Ltext24                   text24        000000
__Ltext25                   text25        000000
__Ltext26                   text26        000000
__Ltext3                    text3         000000
__Ltext4                    text4         000000
__Ltext5                    text5         000000
__Ltext6                    text6         000000
__Ltext7                    text7         000000
__Ltext8                    text8         000000
__Ltext9                    text9         000000
__S0                        (abs)         015A3A
__S1                        (abs)         0005F7
__S4                        (abs)         000000
__S5                        (abs)         000000
___fladd                    text17        014756
___fladd@a                  cstackCOMRAMh 000507
___fladd@aexp               cstackCOMRAMh 000510
___fladd@b                  cstackCOMRAMh 000503
___fladd@bexp               cstackCOMRAMh 000511
___fladd@grs                cstackCOMRAMh 000512
___fladd@signs              cstackCOMRAMh 00050F
___fldiv                    text22        014A5E
___fldiv@a                  cstackCOMRAMh 000515
___fldiv@aexp               cstackCOMRAMh 000529
___fldiv@b                  cstackCOMRAMh 000511
___fldiv@bexp               cstackCOMRAMh 000528
___fldiv@grs                cstackCOMRAMh 000524
___fldiv@new_exp            cstackCOMRAMh 000522
___fldiv@rem                cstackCOMRAMh 00051D
___fldiv@sign               cstackCOMRAMh 000521
___fleq                     text21        015736
___fleq@ff1                 cstackCOMRAMh 000503
___fleq@ff2                 cstackCOMRAMh 000507
___flge                     text20        0152DE
___flge@ff1                 cstackCOMRAMh 00052A
___flge@ff2                 cstackCOMRAMh 00052E
___flmul                    text19        01442E
___flmul@a                  cstackCOMRAMh 000515
___flmul@aexp               cstackCOMRAMh 00051E
___flmul@b                  cstackCOMRAMh 000511
___flmul@bexp               cstackCOMRAMh 000523
___flmul@grs                cstackCOMRAMh 00051F
___flmul@prod               cstackCOMRAMh 000524
___flmul@sign               cstackCOMRAMh 00051D
___flmul@temp               cstackCOMRAMh 000528
___flneg                    text18        0159B8
___flneg@f1                 cstackCOMRAMh 000503
___flsub                    text16        015880
___flsub@a                  cstackCOMRAMh 00052E
___flsub@b                  cstackCOMRAMh 00052A
___fltol                    text15        01547A
___fltol@exp1               cstackCOMRAMh 00050C
___fltol@f1                 cstackCOMRAMh 000503
___fltol@sign1              cstackCOMRAMh 00050B
___fpclassifyf              text14        0153AE
___fpclassifyf@F465         bssBANK5      000564
___fpclassifyf@e            cstackCOMRAMh 00050B
___fpclassifyf@u            cstackCOMRAMh 00050D
___fpclassifyf@x            cstackCOMRAMh 000503
___heap_hi                  (abs)         000000
___heap_lo                  (abs)         000000
___inthi_sp                 stack         000000
___inthi_stack_hi           stack         000000
___inthi_stack_lo           stack         000000
___intlo_sp                 stack         000000
___intlo_stack_hi           stack         000000
___intlo_stack_lo           stack         000000
___param_bank               (abs)         000000
___rparam_used              (abs)         000001
___sp                       stack         000000
___stack_hi                 stack         000000
___stack_lo                 stack         000000
___xxtofl                   text23        01519E
___xxtofl@arg               cstackCOMRAMh 00050D
___xxtofl@exp               cstackCOMRAMh 00050C
___xxtofl@sign              cstackCOMRAMh 00050B
___xxtofl@val               cstackCOMRAMh 000503
__accesstop                 (abs)         000560
__activetblptr              (abs)         000003
__end_of_Default_ISR        text24        015A3A
__end_of_T1I_ISR            text26        01519E
__end_of_T1_ISR             text25        0155E8
__end_of___fladd            text17        014A5E
__end_of___fldiv            text22        014CE4
__end_of___fleq             text21        0157C0
__end_of___flge             text20        0153AE
__end_of___flmul            text19        014756
__end_of___flneg            text18        0159E6
__end_of___flsub            text16        0158C6
__end_of___fltol            text15        015534
__end_of___fpclassifyf      text14        01547A
__end_of___xxtofl           text23        0152DE
__end_of__initialization    cinit         015A24
__end_of_efgtoa             text5         0140F6
__end_of_floorf             text13        01505A
__end_of_fputc              text9         015736
__end_of_fputs              text8         015984
__end_of_labs               text12        015880
__end_of_main               text0         01442E
__end_of_memcpy             text11        01590A
__end_of_pad                text7         015836
__end_of_printf             text1         015A0A
__end_of_putch              text10        015A36
__end_of_read_prec_or_width text4         015696
__end_of_rom                _rom_text     013876
__end_of_strcpy             text6         0159B8
__end_of_vfpfcnvrt          text3         014EB2
__end_of_vfprintf           text2         01594C
__initialization            cinit         015A0A
__mediumconst               smallconst    002600
__p_rom_text                _rom_text     010000
__pbssBANK5                 bssBANK5      000560
__pcinit                    cinit         015A0A
__pcstackBANK5              cstackBANK5   0005BF
__pcstackCOMRAMh            cstackCOMRAMh 000503
__pivt0x8                   ivt0x8        000008
__psmallconst               smallconst    002600
__ptext0                    text0         0140F6
__ptext1                    text1         0159E6
__ptext10                   text10        015A2A
__ptext11                   text11        0158C6
__ptext12                   text12        015836
__ptext13                   text13        014EB2
__ptext14                   text14        0153AE
__ptext15                   text15        01547A
__ptext16                   text16        015880
__ptext17                   text17        014756
__ptext18                   text18        0159B8
__ptext19                   text19        01442E
__ptext2                    text2         01590A
__ptext20                   text20        0152DE
__ptext21                   text21        015736
__ptext22                   text22        014A5E
__ptext23                   text23        01519E
__ptext24                   text24        015A38
__ptext25                   text25        015534
__ptext26                   text26        01505C
__ptext3                    text3         014CE4
__ptext4                    text4         0155E8
__ptext5                    text5         01387A
__ptext6                    text6         015984
__ptext7                    text7         0157C0
__ptext8                    text8         01594C
__ptext9                    text9         015696
__ramtop                    ramtop        002600
__smallconst                smallconst    002600
_dbuf                       bssBANK5      00056F
_efgtoa                     text5         01387A
_efgtoa$729                 cstackBANK5   0005C5
_flags                      bssBANK5      00056E
_floorf                     text13        014EB2
_fputc                      text9         015696
_fputs                      text8         01594C
_i                          bssBANK5      00056C
_labs                       text12        015836
_main                       text0         0140F6
_main$1029                  cstackBANK5   0005EF
_main$1030                  cstackBANK5   0005F3
_memcpy                     text11        0158C6
_pad                        text7         0157C0
_prec                       bssBANK5      00056A
_printf                     text1         0159E6
_putch                      text10        015A2A
_ram                        (abs)         000600
_read_prec_or_width         text4         0155E8
_rom                        _rom_text     010000
_rom_absaddr                (abs)         010000
_strcpy                     text6         015984
_vfpfcnvrt                  text3         014CE4
_vfprintf                   text2         01590A
_width                      bssBANK5      000568
efgtoa@c                    cstackCOMRAMh 000544
efgtoa@d                    cstackBANK5   0005CA
efgtoa@e                    cstackBANK5   0005CE
efgtoa@f                    cstackCOMRAMh 000540
efgtoa@fp                   cstackCOMRAMh 00053E
efgtoa@g                    cstackBANK5   0005E3
efgtoa@h                    cstackBANK5   0005D8
efgtoa@i                    cstackBANK5   0005D6
efgtoa@l                    cstackBANK5   0005DC
efgtoa@m                    cstackBANK5   0005CC
efgtoa@mode                 cstackBANK5   0005C8
efgtoa@n                    cstackBANK5   0005E1
efgtoa@ne                   cstackBANK5   0005BF
efgtoa@nmode                cstackBANK5   0005C9
efgtoa@ou                   cstackBANK5   0005D2
efgtoa@p                    cstackBANK5   0005C1
efgtoa@pp                   cstackBANK5   0005C7
efgtoa@sign                 cstackBANK5   0005E0
efgtoa@t                    cstackBANK5   0005C3
efgtoa@u                    cstackBANK5   0005E7
efgtoa@w                    cstackBANK5   0005D0
end_of_initialization       cinit         015A24
floorf@F521                 bssBANK5      000560
floorf@e                    cstackCOMRAMh 000538
floorf@m                    cstackCOMRAMh 000534
floorf@u                    cstackCOMRAMh 00053A
floorf@x                    cstackCOMRAMh 00052A
fputc@c                     cstackCOMRAMh 000504
fputc@fp                    cstackCOMRAMh 000506
fputs@c                     cstackCOMRAMh 000511
fputs@fp                    cstackCOMRAMh 00050F
fputs@i                     cstackCOMRAMh 000512
fputs@s                     cstackCOMRAMh 00050D
intlevel0                   text          000000
intlevel1                   text          000000
intlevel2                   text          000000
intlevel3                   text          000000
isa$std                     (abs)         000001
isa$xinst                   (abs)         000000
ivt0x8_base                 ivt0x8        000008
ivt0x8_undefint             ivt0x8        000100
labs@a                      cstackCOMRAMh 000503
memcpy@d                    cstackCOMRAMh 000509
memcpy@d1                   cstackCOMRAMh 000503
memcpy@n                    cstackCOMRAMh 000507
memcpy@s                    cstackCOMRAMh 00050B
memcpy@s1                   cstackCOMRAMh 000505
memcpy@tmp                  cstackCOMRAMh 00050D
pad@buf                     cstackCOMRAMh 000516
pad@fp                      cstackCOMRAMh 000514
pad@i                       cstackCOMRAMh 00051B
pad@p                       cstackCOMRAMh 000518
printf@ap                   cstackBANK5   0005EB
printf@fmt                  cstackCOMRAMh 00055B
putch@c                     cstackCOMRAMh 000503
read_prec_or_width@ap       cstackCOMRAMh 000505
read_prec_or_width@c        cstackCOMRAMh 000509
read_prec_or_width@fmt      cstackCOMRAMh 000503
read_prec_or_width@n        cstackCOMRAMh 00050A
stackhi                     (abs)         000000
stacklo                     (abs)         000000
start                       init          013876
start_initialization        cinit         015A0A
strcpy@d                    cstackCOMRAMh 000507
strcpy@dest                 cstackCOMRAMh 000503
strcpy@src                  cstackCOMRAMh 000505
vfpfcnvrt@ap                cstackCOMRAMh 00054B
vfpfcnvrt@c                 cstackCOMRAMh 000553
vfpfcnvrt@convarg           cstackCOMRAMh 00054F
vfpfcnvrt@cp                cstackCOMRAMh 000554
vfpfcnvrt@fmt               cstackCOMRAMh 000549
vfpfcnvrt@fp                cstackCOMRAMh 000547
vfprintf@ap                 cstackCOMRAMh 000558
vfprintf@cfmt               cstackCOMRAMh 00055A
vfprintf@fmt                cstackCOMRAMh 000557
vfprintf@fp                 cstackCOMRAMh 000555


MODULE INFORMATION

Module		Function		Class		Link	Load	Size
C:\Program Files\Microchip\xc8\v3.00\pic\sources\c99\common\flge.c
		___flge        		CODE           	152DE	0000	208

C:\Program Files\Microchip\xc8\v3.00\pic\sources\c99\common\flge.c estimated size: 208

C:\Program Files\Microchip\xc8\v3.00\pic\sources\c99\common\nf_fputc.c
		_fputc         		CODE           	15696	0000	160

C:\Program Files\Microchip\xc8\v3.00\pic\sources\c99\common\nf_fputc.c estimated size: 160

C:\Program Files\Microchip\xc8\v3.00\pic\sources\c99\common\memcpy.c
		_memcpy        		CODE           	158C6	0000	68

C:\Program Files\Microchip\xc8\v3.00\pic\sources\c99\common\memcpy.c estimated size: 68

C:\Program Files\Microchip\xc8\v3.00\pic\sources\c99\common\flneg.c
		___flneg       		CODE           	159B8	0000	46

C:\Program Files\Microchip\xc8\v3.00\pic\sources\c99\common\flneg.c estimated size: 46

C:\Program Files\Microchip\xc8\v3.00\pic\sources\c99\common\__fpclassifyf.c
		___fpclassifyf 		CODE           	153AE	0000	204

C:\Program Files\Microchip\xc8\v3.00\pic\sources\c99\common\__fpclassifyf.c estimated size: 204

EMU8008.c
		_putch         		CODE           	15A2A	0000	12
		_main          		CODE           	140F6	0000	824
		_Default_ISR   		CODE           	15A38	0000	2
		_T1I_ISR       		CODE           	1505C	0000	322
		_T1_ISR        		CODE           	15534	0000	180

EMU8008.c estimated size: 1340

C:\Program Files\Microchip\xc8\v3.00\pic\sources\c99\common\printf.c
		_printf        		CODE           	159E6	0000	36

C:\Program Files\Microchip\xc8\v3.00\pic\sources\c99\common\printf.c estimated size: 36

C:\Program Files\Microchip\xc8\v3.00\pic\sources\c99\common\floorf.c
		_floorf        		CODE           	14EB2	0000	424

C:\Program Files\Microchip\xc8\v3.00\pic\sources\c99\common\floorf.c estimated size: 424

C:\Program Files\Microchip\xc8\v3.00\pic\sources\c99\common\fleq.c
		___fleq        		CODE           	15736	0000	138

C:\Program Files\Microchip\xc8\v3.00\pic\sources\c99\common\fleq.c estimated size: 138

C:\Program Files\Microchip\xc8\v3.00\pic\sources\c99\common\sprcmul.c
		___flmul       		CODE           	1442E	0000	808

C:\Program Files\Microchip\xc8\v3.00\pic\sources\c99\common\sprcmul.c estimated size: 808

C:\Program Files\Microchip\xc8\v3.00\pic\sources\c99\common\sprcdiv.c
		___fldiv       		CODE           	14A5E	0000	646

C:\Program Files\Microchip\xc8\v3.00\pic\sources\c99\common\sprcdiv.c estimated size: 646

shared
		_rom           		CODE           	10000	0000	14454
		__initialization		CODE           	15A0A	0000	26

shared estimated size: 14480

C:\Program Files\Microchip\xc8\v3.00\pic\sources\c99\common\xxtofl.c
		___xxtofl      		CODE           	1519E	0000	320

C:\Program Files\Microchip\xc8\v3.00\pic\sources\c99\common\xxtofl.c estimated size: 320

C:\Program Files\Microchip\xc8\v3.00\pic\sources\c99\common\nf_fputs.c
		_fputs         		CODE           	1594C	0000	56

C:\Program Files\Microchip\xc8\v3.00\pic\sources\c99\common\nf_fputs.c estimated size: 56

C:\Program Files\Microchip\xc8\v3.00\pic\sources\c99\common\strcpy.c
		_strcpy        		CODE           	15984	0000	52

C:\Program Files\Microchip\xc8\v3.00\pic\sources\c99\common\strcpy.c estimated size: 52

C:\Program Files\Microchip\xc8\v3.00\pic\sources\c99\common\fltol.c
		___fltol       		CODE           	1547A	0000	186

C:\Program Files\Microchip\xc8\v3.00\pic\sources\c99\common\fltol.c estimated size: 186

C:\Program Files\Microchip\xc8\v3.00\pic\sources\c99\common\labs.c
		_labs          		CODE           	15836	0000	74

C:\Program Files\Microchip\xc8\v3.00\pic\sources\c99\common\labs.c estimated size: 74

C:\Program Files\Microchip\xc8\v3.00\pic\sources\c99\common\doprnt.c
		_read_prec_or_width		CODE           	155E8	0000	174
		_vfpfcnvrt     		CODE           	14CE4	0000	462
		_efgtoa        		CODE           	1387A	0000	2172
		_pad           		CODE           	157C0	0000	118
		_vfprintf      		CODE           	1590A	0000	66

C:\Program Files\Microchip\xc8\v3.00\pic\sources\c99\common\doprnt.c estimated size: 2992

C:\Program Files\Microchip\xc8\v3.00\pic\sources\c99\common\sprcadd.c
		___flsub       		CODE           	15880	0000	70
		___fladd       		CODE           	14756	0000	776

C:\Program Files\Microchip\xc8\v3.00\pic\sources\c99\common\sprcadd.c estimated size: 846

