Microchip MPLAB XC8 Compiler V3.00

Linker command line:

-W-3 \
  --edf=C:/Program Files/Microchip/MPLABX/v6.25/packs/Microchip/PIC18F-Q_DFP/1.27.449/xc8\pic\dat\20250204174324_en.msgs \
  -pivt0x8=08h -cn -h+dist/default/production\EMU8008.X.production.sym \
  --cmf=dist/default/production\EMU8008.X.production.cmf -z -Q18F47Q43 \
  -oC:\Users\hiroy\AppData\Local\Temp\xcBshek.1\driver_tmp_3.o \
  --defsym=__MPLAB_BUILD=1 --fixupoverflow=error \
  -Mdist/default/production/EMU8008.X.production.map \
  --md=C:\Users\hiroy\AppData\Local\Temp\xcBshek.1\driver_tmp_0.dat -E1 \
  -ver=XC8 Compiler -p_rom_text=10000h -p_bank_rom_text=14000h \
  -ACODE=00h-01FFFFh -ACONST=00h-01FFFFh \
  -ASMALLCONST=02600h-026FFhx218,012600h-0126FFhx218 \
  -AMEDIUMCONST=02600h-0FFFFh,012600h-01FFFFh -ACOMRAM=0501h-055Fh \
  -AABS1=0500h-024FFh -ABIGRAM=0501h-024FFh \
  -ARAM=0560h-05FFh,0600h-06FFhx31 -ABANK5=0560h-05FFh -ABANK6=0600h-06FFh \
  -ABANK7=0700h-07FFh -ABANK8=0800h-08FFh -ABANK9=0900h-09FFh \
  -ABANK10=0A00h-0AFFh -ABANK11=0B00h-0BFFh -ABANK12=0C00h-0CFFh \
  -ABANK13=0D00h-0DFFh -ABANK14=0E00h-0EFFh -ABANK15=0F00h-0FFFh \
  -ABANK16=01000h-010FFh -ABANK17=01100h-011FFh -ABANK18=01200h-012FFh \
  -ABANK19=01300h-013FFh -ABANK20=01400h-014FFh -ABANK21=01500h-015FFh \
  -ABANK22=01600h-016FFh -ABANK23=01700h-017FFh -ABANK24=01800h-018FFh \
  -ABANK25=01900h-019FFh -ABANK26=01A00h-01AFFh -ABANK27=01B00h-01BFFh \
  -ABANK28=01C00h-01CFFh -ABANK29=01D00h-01DFFh -ABANK30=01E00h-01EFFh \
  -ABANK31=01F00h-01FFFh -ABANK32=02000h-020FFh -ABANK33=02100h-021FFh \
  -ABANK34=02200h-022FFh -ABANK35=02300h-023FFh -ABANK36=02400h-024FFh \
  -ASFR=00h-0FFhx4,0400h-045Fh,0460h-04FFh,02500h-025FFh \
  -ABIGSFR=00h-04FFh,02500h-025FFh -ACONFIG=0300000h-0300011h \
  -AIDLOC=0200000h-020003Fh -AEEDATA=0380000h-03803FFh -peeprom_data=EEDATA \
  -preset_vec=00h -ppowerup=CODE,init -pramtop=02600h \
  -psmallconst=SMALLCONST -pmediumconst=MEDIUMCONST -pconst=CONST \
  -AFARRAM=00h-00h \
  -prdata=COMRAM,nvrram=COMRAM,nvbit=COMRAM,rbss=COMRAM,rbit=COMRAM \
  -pfarbss=FARRAM,fardata=FARRAM,nvFARRAM=FARRAM \
  -pintsave_regs=BIGRAM,bigbss=BIGRAM,bigdata=BIGRAM -pbss=RAM \
  -pidata=CODE,irdata=CODE,ibigdata=CODE,ifardata=CODE -prparam=COMRAM \
  C:\Users\hiroy\AppData\Local\Temp\xcBshek.1\driver_tmp_14.o \
  dist/default/production\EMU8008.X.production.o 

Object code version is 3.11

Machine type is 18F47Q43



                Name                               Link     Load   Length Selector   Space Scale
C:\Users\hiroy\AppData\Local\Temp\xcBshek.1\driver_tmp_14.o
                config                           300000   300000        A        0       4
                init                              16000    16000        4     A000       0
                reset_vec                             0        0        4        0       0
dist/default/production\EMU8008.X.production.o
                config                           300000   300000        A        0       4
                smallconst                         2600     2600       8C     1300       0
                ivt0x8                                8        8       FA        4       0
                text28                            1864C    1864C       1A     6193       0
                text27                            17868    17868      266     5E1A       0
                text26                            1734C    1734C      294     A000       0
                text25                            18674    18674        2     619D       0
                text24                            17E44    17E44      140     5E1A       0
                text23                            185D8    185D8       2E     5E1A       0
                text22                            175E0    175E0      286     A000       0
                text21                            18328    18328       8A     5E1A       0
                text20                            17F84    17F84       D0     5E1A       0
                text19                            16D1C    16D1C      328     A000       0
                text18                            185AA    185AA       2E     5E1A       0
                text17                            17044    17044      308     A000       0
                text16                            18470    18470       46     5E1A       0
                text15                            18120    18120       BA     5E1A       0
                text14                            18054    18054       CC     5E1A       0
                text13                            17C9C    17C9C      1A8     5E1A       0
                text12                            18426    18426       4A     5E1A       0
                text11                            184FA    184FA       44     5E1A       0
                text10                            18666    18666        C     6193       0
                text9                             18288    18288       A0     5E1A       0
                text8                             1853E    1853E       38     5E1A       0
                text7                             183B2    183B2       74     5E1A       0
                text6                             18576    18576       34     5E1A       0
                text5                             16004    16004      87C     A000       0
                text4                             181DA    181DA       AE     5E1A       0
                text3                             17ACE    17ACE      1CE     5E1A       0
                text2                             184B6    184B6       44     5E1A       0
                text1                             18628    18628       22     5E1A       0
                text0                             16880    16880      49C     A000       0
                cstackCOMRAMhh                      50A      50A       54      50A       1
                cstackBANK5                         5BE      5BE       42      560       1
                bssBANK5                            560      560       5E      560       1
                bssCOMRAMhh                         55E      55E        1      50A       1
                cinit                             18606    18606       22     5E1A       0
                _bank_rom_text                    14000    14000     2000     A000       0
                _rom_text                         10000    10000     4000     8000       0

TOTAL           Name                               Link     Load   Length     Space
        CLASS   CODE           
                init                              16000    16000        4         0
                reset_vec                             0        0        4         0
                ivt0x8                                8        8       FA         0
                text28                            1864C    1864C       1A         0
                text27                            17868    17868      266         0
                text26                            1734C    1734C      294         0
                text25                            18674    18674        2         0
                text24                            17E44    17E44      140         0
                text23                            185D8    185D8       2E         0
                text22                            175E0    175E0      286         0
                text21                            18328    18328       8A         0
                text20                            17F84    17F84       D0         0
                text19                            16D1C    16D1C      328         0
                text18                            185AA    185AA       2E         0
                text17                            17044    17044      308         0
                text16                            18470    18470       46         0
                text15                            18120    18120       BA         0
                text14                            18054    18054       CC         0
                text13                            17C9C    17C9C      1A8         0
                text12                            18426    18426       4A         0
                text11                            184FA    184FA       44         0
                text10                            18666    18666        C         0
                text9                             18288    18288       A0         0
                text8                             1853E    1853E       38         0
                text7                             183B2    183B2       74         0
                text6                             18576    18576       34         0
                text5                             16004    16004      87C         0
                text4                             181DA    181DA       AE         0
                text3                             17ACE    17ACE      1CE         0
                text2                             184B6    184B6       44         0
                text1                             18628    18628       22         0
                text0                             16880    16880      49C         0
                cinit                             18606    18606       22         0
                _bank_rom_text                    14000    14000     2000         0
                _rom_text                         10000    10000     4000         0

        CLASS   CONST          

        CLASS   SMALLCONST     
                smallconst                         2600     2600       8C         0

        CLASS   MEDIUMCONST    

        CLASS   COMRAM         
                cstackCOMRAMhh                      50A      50A       54         1
                bssCOMRAMhh                         55E      55E        1         1

        CLASS   ABS1           
                abs_s1                              501      501        9         1
                abs_s1                              600      600     1F00         1

        CLASS   BIGRAM         

        CLASS   RAM            

        CLASS   BANK5          
                cstackBANK5                         5BE      5BE       42         1
                bssBANK5                            560      560       5E         1

        CLASS   BANK6          

        CLASS   BANK7          

        CLASS   BANK8          

        CLASS   BANK9          

        CLASS   BANK10         

        CLASS   BANK11         

        CLASS   BANK12         

        CLASS   BANK13         

        CLASS   BANK14         

        CLASS   BANK15         

        CLASS   BANK16         

        CLASS   BANK17         

        CLASS   BANK18         

        CLASS   BANK19         

        CLASS   BANK20         

        CLASS   BANK21         

        CLASS   BANK22         

        CLASS   BANK23         

        CLASS   BANK24         

        CLASS   BANK25         

        CLASS   BANK26         

        CLASS   BANK27         

        CLASS   BANK28         

        CLASS   BANK29         

        CLASS   BANK30         

        CLASS   BANK31         

        CLASS   BANK32         

        CLASS   BANK33         

        CLASS   BANK34         

        CLASS   BANK35         

        CLASS   BANK36         

        CLASS   SFR            

        CLASS   BIGSFR         

        CLASS   CONFIG         
                config                           300000   300000        A         4

        CLASS   IDLOC          

        CLASS   EEDATA         

        CLASS   FARRAM         

        CLASS   HEAP           

        CLASS   STACK          



SEGMENTS        Name                           Load    Length   Top    Selector   Space  Class

                reset_vec                      000000  000004  000004         0       0  CODE    
                ivt0x8                         000008  0000FA  000102         4       0  CODE    
                cstackCOMRAMhh                 00050A  000055  00055F       50A       1  COMRAM  
                bssBANK5                       000560  0000A0  000600       560       1  BANK5   
                smallconst                     002600  00008C  00268C      1300       0  SMALLCON
                _rom_text                      010000  004000  014000      8000       0  CODE    
                _bank_rom_text                 014000  003866  017866      A000       0  CODE    
                text27                         017868  000DE2  01864A      5E1A       0  CODE    
                text28                         01864C  000026  018672      6193       0  CODE    
                text25                         018674  000002  018676      619D       0  CODE    


UNUSED ADDRESS RANGES

        Name                Unused          Largest block    Delta
        BIGRAM           00055F-00055F                1
        BIGSFR           000000-0004FF              500
                         002500-0025FF              100
        CODE             000004-000007                4
                         000102-0025FF             24FE
                         00268C-00FFFF             D974
                         017866-017867                2
                         01864A-01864B                2
                         018672-018673                2
                         018676-01FFFF             798A
        COMRAM           00055F-00055F                1
        CONFIG           30000A-300011                8
        CONST            000004-000007                4
                         000102-0025FF             24FE
                         00268C-00FFFF             D974
                         017866-017867                2
                         01864A-01864B                2
                         018672-018673                2
                         018676-01FFFF             798A
        EEDATA           380000-3803FF              400
        IDLOC            200000-20003F               40
        MEDIUMCONST      00268C-00FFFF             D974
                         017866-017867                2
                         01864A-01864B                2
                         018672-018673                2
                         018676-01FFFF             798A
        SFR              000000-0004FF              100
                         002500-0025FF              100
        SMALLCONST       00268C-00FFFF              100
                         017866-017867                2
                         01864A-01864B                2
                         018672-018673                2
                         018676-01FFFF              100

                                  Symbol Table

?___fladd                   cstackCOMRAMhh 00050B
?___fldiv                   cstackCOMRAMhh 000519
?___flmul                   cstackCOMRAMhh 000519
?___flneg                   cstackCOMRAMhh 00050B
?___flsub                   cstackCOMRAMhh 000532
?___fltol                   cstackCOMRAMhh 00050B
?___fpclassifyf             cstackCOMRAMhh 00050B
?___xxtofl                  cstackCOMRAMhh 00050B
?_floorf                    cstackCOMRAMhh 000532
?_labs                      cstackCOMRAMhh 00050B
?_printf                    cstackBANK5    0005EF
?_read_prec_or_width        cstackCOMRAMhh 00050B
?_vfprintf                  cstackBANK5    0005EA
IVTBASEH                    (abs)          00045E
IVTBASEL                    (abs)          00045D
IVTBASEU                    (abs)          00045F
_ANSELA                     (abs)          000400
_ANSELA6                    (abs)          002006
_ANSELA7                    (abs)          002007
_ANSELB                     (abs)          000408
_ANSELB4                    (abs)          002044
_ANSELB5                    (abs)          002045
_ANSELC                     (abs)          000410
_ANSELD                     (abs)          000418
_ANSELE                     (abs)          000420
_BSR                        (abs)          0004E0
_CLC1IE                     (abs)          0024F5
_CLC1IF                     (abs)          002575
_CLC2IE                     (abs)          002521
_CLC2IF                     (abs)          0025A1
_CLC3IE                     (abs)          00252D
_CLC3IF                     (abs)          0025AD
_CLC4IE                     (abs)          00253D
_CLC4IF                     (abs)          0025BD
_CLC5IE                     (abs)          002541
_CLC5IF                     (abs)          0025C1
_CLC6IE                     (abs)          002549
_CLC6IF                     (abs)          0025C9
_CLC7IE                     (abs)          002561
_CLC7IF                     (abs)          0025E1
_CLC8IE                     (abs)          002569
_CLC8IF                     (abs)          0025E9
_CLCIN0PPS                  (abs)          000261
_CLCIN1PPS                  (abs)          000262
_CLCIN2PPS                  (abs)          000263
_CLCIN3PPS                  (abs)          000264
_CLCIN4PPS                  (abs)          000265
_CLCIN6PPS                  (abs)          000267
_CLCSELECT                  (abs)          0000D5
_CLCnCON                    (abs)          0000D6
_CLCnGLS0                   (abs)          0000DC
_CLCnGLS1                   (abs)          0000DD
_CLCnGLS2                   (abs)          0000DE
_CLCnGLS3                   (abs)          0000DF
_CLCnPOL                    (abs)          0000D7
_CLCnSEL0                   (abs)          0000D8
_CLCnSEL1                   (abs)          0000D9
_CLCnSEL2                   (abs)          0000DA
_CLCnSEL3                   (abs)          0000DB
_Default_ISR                text25         018674
_FSR0H                      (abs)          0004EA
_FSR0L                      (abs)          0004E9
_GIE                        (abs)          0026B7
_HLT_ISR                    text28         01864C
_INTLOG                     (abs)          000502
_INT_PC                     (abs)          000501
_IVTBASE                    (abs)          00045D
_IVTLOCK                    (abs)          000459
_IVTLOCKbits                (abs)          000459
_LATA                       (abs)          0004BE
_LATA6                      (abs)          0025F6
_LATC                       (abs)          0004C0
_LATD                       (abs)          0004C1
_OSCFRQ                     (abs)          0000B1
_PIR9                       (abs)          0004B7
_PORTD                      (abs)          0004D1
_PWM1CLK                    (abs)          000461
_PWM1CON                    (abs)          000469
_PWM1GIE                    (abs)          000468
_PWM1PR                     (abs)          000463
_PWM1S1CFG                  (abs)          00046A
_PWM1S1P1                   (abs)          00046B
_PWM2CLK                    (abs)          000470
_PWM2CON                    (abs)          000478
_PWM2GIE                    (abs)          000477
_PWM2PR                     (abs)          000472
_PWM2S1CFG                  (abs)          000479
_PWM2S1P1                   (abs)          00047A
_RA4PPS                     (abs)          000205
_RA6PPS                     (abs)          000207
_RB0PPS                     (abs)          000209
_RB1PPS                     (abs)          00020A
_RB3                        (abs)          00267B
_RB4PPS                     (abs)          00020D
_RB5                        (abs)          00267D
_RB5PPS                     (abs)          00020E
_RC5                        (abs)          002685
_ROM_offset                 (abs)          000503
_SPI2BAUD                   (abs)          000096
_SPI2CLK                    (abs)          000099
_SPI2CON0                   (abs)          000091
_SPI2CON0bits               (abs)          000091
_SPI2CON1                   (abs)          000092
_SPI2CON2                   (abs)          000093
_SPI2CON2bits               (abs)          000093
_SPI2STATUSbits             (abs)          000094
_SPI2TCNT                   (abs)          00008F
_SPI2TWIDTH                 (abs)          000095
_SPI2TXB                    (abs)          00008E
_T1I_ISR                    text27         017868
_T1_ISR                     text26         01734C
_T2_addr                    (abs)          000500
_TBLPTRH                    (abs)          0004F7
_TBLPTRL                    (abs)          0004F6
_TBLPTRU                    (abs)          0004F8
_TRISA                      (abs)          0004C6
_TRISA4                     (abs)          002634
_TRISA6                     (abs)          002636
_TRISA7                     (abs)          002637
_TRISB                      (abs)          0004C7
_TRISB0                     (abs)          002638
_TRISB1                     (abs)          002639
_TRISB4                     (abs)          00263C
_TRISB5                     (abs)          00263D
_TRISC                      (abs)          0004C8
_TRISD                      (abs)          0004C9
_TRISE                      (abs)          0004CA
_U3BRG                      (abs)          0002D4
_U3ON                       (abs)          001697
_U3RXB                      (abs)          0002C7
_U3RXEN                     (abs)          00168C
_U3RXPPS                    (abs)          000276
_U3TXB                      (abs)          0002C9
_U3TXEN                     (abs)          00168D
_U3TXIF                     (abs)          0025B9
_WPUA                       (abs)          000401
_WPUB                       (abs)          000409
_WPUC                       (abs)          000411
_WPUD                       (abs)          000419
_WPUE                       (abs)          000421
_WREG                       (abs)          0004E8
__HRAM                      (abs)          000000
__H__absolute__             __absolute__   000000
__H_bank_rom_text           _bank_rom_text 016000
__H_rom_text                _rom_text      014000
__Habs1                     abs1           000000
__Hbank10                   bank10         000000
__Hbank11                   bank11         000000
__Hbank12                   bank12         000000
__Hbank13                   bank13         000000
__Hbank14                   bank14         000000
__Hbank15                   bank15         000000
__Hbank16                   bank16         000000
__Hbank17                   bank17         000000
__Hbank18                   bank18         000000
__Hbank19                   bank19         000000
__Hbank20                   bank20         000000
__Hbank21                   bank21         000000
__Hbank22                   bank22         000000
__Hbank23                   bank23         000000
__Hbank24                   bank24         000000
__Hbank25                   bank25         000000
__Hbank26                   bank26         000000
__Hbank27                   bank27         000000
__Hbank28                   bank28         000000
__Hbank29                   bank29         000000
__Hbank30                   bank30         000000
__Hbank31                   bank31         000000
__Hbank32                   bank32         000000
__Hbank33                   bank33         000000
__Hbank34                   bank34         000000
__Hbank35                   bank35         000000
__Hbank36                   bank36         000000
__Hbank5                    bank5          000000
__Hbank6                    bank6          000000
__Hbank7                    bank7          000000
__Hbank8                    bank8          000000
__Hbank9                    bank9          000000
__Hbigbss                   bigbss         000000
__Hbigdata                  bigdata        000000
__Hbigram                   bigram         000000
__Hbigsfr                   bigsfr         000000
__Hbss                      bss            000000
__HbssBANK5                 bssBANK5       000000
__HbssCOMRAMhh              bssCOMRAMhh    000000
__Hcinit                    cinit          000000
__Hclrtext                  clrtext        000000
__Hcomram                   comram         000000
__Hconfig                   config         30000A
__Hconst                    const          000000
__HcstackBANK5              cstackBANK5    000000
__HcstackCOMRAMhh           cstackCOMRAMhh 000000
__Hdata                     data           000000
__Heeprom_data              eeprom_data    000000
__Hfarbss                   farbss         000000
__Hfardata                  fardata        000000
__Hheap                     heap           000000
__Hibigdata                 ibigdata       000000
__Hidata                    idata          000000
__Hidloc                    idloc          000000
__Hifardata                 ifardata       000000
__Hinit                     init           016004
__Hintsave_regs             intsave_regs   000000
__Hirdata                   irdata         000000
__Hivt0x8                   ivt0x8         000102
__Hmediumconst              mediumconst    000000
__HnvFARRAM                 nvFARRAM       000000
__Hnvbit                    nvbit          000000
__Hnvrram                   nvrram         000000
__Hparam                    rparam         000000
__Hpowerup                  powerup        000000
__Hram                      ram            000000
__Hramtop                   ramtop         002600
__Hrbit                     rbit           000000
__Hrbss                     rbss           000000
__Hrdata                    rdata          000000
__Hreset_vec                reset_vec      000004
__Hrparam                   rparam         000000
__Hsfr                      sfr            000000
__Hsmallconst               smallconst     00268C
__Hspace_0                  (abs)          018676
__Hspace_1                  (abs)          000600
__Hspace_2                  (abs)          000000
__Hspace_4                  (abs)          60000A
__Hstack                    stack          000000
__Hstruct                   struct         000000
__Htemp                     temp           000000
__Htext                     text           000000
__Htext0                    text0          000000
__Htext1                    text1          000000
__Htext10                   text10         000000
__Htext11                   text11         000000
__Htext12                   text12         000000
__Htext13                   text13         000000
__Htext14                   text14         000000
__Htext15                   text15         000000
__Htext16                   text16         000000
__Htext17                   text17         000000
__Htext18                   text18         000000
__Htext19                   text19         000000
__Htext2                    text2          000000
__Htext20                   text20         000000
__Htext21                   text21         000000
__Htext22                   text22         000000
__Htext23                   text23         000000
__Htext24                   text24         000000
__Htext25                   text25         000000
__Htext26                   text26         000000
__Htext27                   text27         000000
__Htext28                   text28         000000
__Htext3                    text3          000000
__Htext4                    text4          000000
__Htext5                    text5          000000
__Htext6                    text6          000000
__Htext7                    text7          000000
__Htext8                    text8          000000
__Htext9                    text9          000000
__LRAM                      (abs)          000001
__L__absolute__             __absolute__   000000
__L_bank_rom_text           _bank_rom_text 014000
__L_rom_text                _rom_text      010000
__Labs1                     abs1           000000
__Lbank10                   bank10         000000
__Lbank11                   bank11         000000
__Lbank12                   bank12         000000
__Lbank13                   bank13         000000
__Lbank14                   bank14         000000
__Lbank15                   bank15         000000
__Lbank16                   bank16         000000
__Lbank17                   bank17         000000
__Lbank18                   bank18         000000
__Lbank19                   bank19         000000
__Lbank20                   bank20         000000
__Lbank21                   bank21         000000
__Lbank22                   bank22         000000
__Lbank23                   bank23         000000
__Lbank24                   bank24         000000
__Lbank25                   bank25         000000
__Lbank26                   bank26         000000
__Lbank27                   bank27         000000
__Lbank28                   bank28         000000
__Lbank29                   bank29         000000
__Lbank30                   bank30         000000
__Lbank31                   bank31         000000
__Lbank32                   bank32         000000
__Lbank33                   bank33         000000
__Lbank34                   bank34         000000
__Lbank35                   bank35         000000
__Lbank36                   bank36         000000
__Lbank5                    bank5          000000
__Lbank6                    bank6          000000
__Lbank7                    bank7          000000
__Lbank8                    bank8          000000
__Lbank9                    bank9          000000
__Lbigbss                   bigbss         000000
__Lbigdata                  bigdata        000000
__Lbigram                   bigram         000000
__Lbigsfr                   bigsfr         000000
__Lbss                      bss            000000
__LbssBANK5                 bssBANK5       000000
__LbssCOMRAMhh              bssCOMRAMhh    000000
__Lcinit                    cinit          000000
__Lclrtext                  clrtext        000000
__Lcomram                   comram         000000
__Lconfig                   config         000000
__Lconst                    const          000000
__LcstackBANK5              cstackBANK5    000000
__LcstackCOMRAMhh           cstackCOMRAMhh 000000
__Ldata                     data           000000
__Leeprom_data              eeprom_data    000000
__Lfarbss                   farbss         000000
__Lfardata                  fardata        000000
__Lheap                     heap           000000
__Libigdata                 ibigdata       000000
__Lidata                    idata          000000
__Lidloc                    idloc          000000
__Lifardata                 ifardata       000000
__Linit                     init           016000
__Lintsave_regs             intsave_regs   000000
__Lirdata                   irdata         000000
__Livt0x8                   ivt0x8         000008
__Lmediumconst              mediumconst    000000
__LnvFARRAM                 nvFARRAM       000000
__Lnvbit                    nvbit          000000
__Lnvrram                   nvrram         000000
__Lparam                    rparam         000000
__Lpowerup                  powerup        000000
__Lram                      ram            000000
__Lramtop                   ramtop         002600
__Lrbit                     rbit           000000
__Lrbss                     rbss           000000
__Lrdata                    rdata          000000
__Lreset_vec                reset_vec      000000
__Lrparam                   rparam         000000
__Lsfr                      sfr            000000
__Lsmallconst               smallconst     002600
__Lspace_0                  (abs)          000000
__Lspace_1                  (abs)          000000
__Lspace_2                  (abs)          000000
__Lspace_4                  (abs)          000000
__Lstack                    stack          000000
__Lstruct                   struct         000000
__Ltemp                     temp           000000
__Ltext                     text           000000
__Ltext0                    text0          000000
__Ltext1                    text1          000000
__Ltext10                   text10         000000
__Ltext11                   text11         000000
__Ltext12                   text12         000000
__Ltext13                   text13         000000
__Ltext14                   text14         000000
__Ltext15                   text15         000000
__Ltext16                   text16         000000
__Ltext17                   text17         000000
__Ltext18                   text18         000000
__Ltext19                   text19         000000
__Ltext2                    text2          000000
__Ltext20                   text20         000000
__Ltext21                   text21         000000
__Ltext22                   text22         000000
__Ltext23                   text23         000000
__Ltext24                   text24         000000
__Ltext25                   text25         000000
__Ltext26                   text26         000000
__Ltext27                   text27         000000
__Ltext28                   text28         000000
__Ltext3                    text3          000000
__Ltext4                    text4          000000
__Ltext5                    text5          000000
__Ltext6                    text6          000000
__Ltext7                    text7          000000
__Ltext8                    text8          000000
__Ltext9                    text9          000000
__S0                        (abs)          018676
__S1                        (abs)          000600
__S4                        (abs)          000000
__S5                        (abs)          000000
___fladd                    text17         017044
___fladd@a                  cstackCOMRAMhh 00050F
___fladd@aexp               cstackCOMRAMhh 000518
___fladd@b                  cstackCOMRAMhh 00050B
___fladd@bexp               cstackCOMRAMhh 000519
___fladd@grs                cstackCOMRAMhh 00051A
___fladd@signs              cstackCOMRAMhh 000517
___fldiv                    text22         0175E0
___fldiv@a                  cstackCOMRAMhh 00051D
___fldiv@aexp               cstackCOMRAMhh 000531
___fldiv@b                  cstackCOMRAMhh 000519
___fldiv@bexp               cstackCOMRAMhh 000530
___fldiv@grs                cstackCOMRAMhh 00052C
___fldiv@new_exp            cstackCOMRAMhh 00052A
___fldiv@rem                cstackCOMRAMhh 000525
___fldiv@sign               cstackCOMRAMhh 000529
___fleq                     text21         018328
___fleq@ff1                 cstackCOMRAMhh 00050B
___fleq@ff2                 cstackCOMRAMhh 00050F
___flge                     text20         017F84
___flge@ff1                 cstackCOMRAMhh 000532
___flge@ff2                 cstackCOMRAMhh 000536
___flmul                    text19         016D1C
___flmul@a                  cstackCOMRAMhh 00051D
___flmul@aexp               cstackCOMRAMhh 000526
___flmul@b                  cstackCOMRAMhh 000519
___flmul@bexp               cstackCOMRAMhh 00052B
___flmul@grs                cstackCOMRAMhh 000527
___flmul@prod               cstackCOMRAMhh 00052C
___flmul@sign               cstackCOMRAMhh 000525
___flmul@temp               cstackCOMRAMhh 000530
___flneg                    text18         0185AA
___flneg@f1                 cstackCOMRAMhh 00050B
___flsub                    text16         018470
___flsub@a                  cstackCOMRAMhh 000536
___flsub@b                  cstackCOMRAMhh 000532
___fltol                    text15         018120
___fltol@exp1               cstackCOMRAMhh 000514
___fltol@f1                 cstackCOMRAMhh 00050B
___fltol@sign1              cstackCOMRAMhh 000513
___fpclassifyf              text14         018054
___fpclassifyf@F465         bssBANK5       000564
___fpclassifyf@e            cstackCOMRAMhh 000513
___fpclassifyf@u            cstackCOMRAMhh 000515
___fpclassifyf@x            cstackCOMRAMhh 00050B
___heap_hi                  (abs)          000000
___heap_lo                  (abs)          000000
___inthi_sp                 stack          000000
___inthi_stack_hi           stack          000000
___inthi_stack_lo           stack          000000
___intlo_sp                 stack          000000
___intlo_stack_hi           stack          000000
___intlo_stack_lo           stack          000000
___param_bank               (abs)          000000
___rparam_used              (abs)          000001
___sp                       stack          000000
___stack_hi                 stack          000000
___stack_lo                 stack          000000
___xxtofl                   text24         017E44
___xxtofl@arg               cstackCOMRAMhh 000515
___xxtofl@exp               cstackCOMRAMhh 000514
___xxtofl@sign              cstackCOMRAMhh 000513
___xxtofl@val               cstackCOMRAMhh 00050B
__accesstop                 (abs)          000560
__activetblptr              (abs)          000003
__end_of_Default_ISR        text25         018676
__end_of_HLT_ISR            text28         018666
__end_of_T1I_ISR            text27         017ACE
__end_of_T1_ISR             text26         0175E0
__end_of___fladd            text17         01734C
__end_of___fldiv            text22         017866
__end_of___fleq             text21         0183B2
__end_of___flge             text20         018054
__end_of___flmul            text19         017044
__end_of___flneg            text18         0185D8
__end_of___flsub            text16         0184B6
__end_of___fltol            text15         0181DA
__end_of___fpclassifyf      text14         018120
__end_of___xxtofl           text24         017F84
__end_of__initialization    cinit          018622
__end_of_bank_rom           _bank_rom_text 016000
__end_of_efgtoa             text5          016880
__end_of_floorf             text13         017E44
__end_of_fputc              text9          018328
__end_of_fputs              text8          018576
__end_of_labs               text12         018470
__end_of_led_7seg_write     text23         018606
__end_of_led_font           smallconst     002611
__end_of_main               text0          016D1C
__end_of_memcpy             text11         01853E
__end_of_pad                text7          018426
__end_of_printf             text1          01864A
__end_of_putch              text10         018672
__end_of_read_prec_or_width text4          018288
__end_of_rom                _rom_text      014000
__end_of_strcpy             text6          0185AA
__end_of_vfpfcnvrt          text3          017C9C
__end_of_vfprintf           text2          0184FA
__initialization            cinit          018606
__mediumconst               smallconst     002600
__p_bank_rom_text           _bank_rom_text 014000
__p_rom_text                _rom_text      010000
__pbssBANK5                 bssBANK5       000560
__pbssCOMRAMhh              bssCOMRAMhh    00055E
__pcinit                    cinit          018606
__pcstackBANK5              cstackBANK5    0005BE
__pcstackCOMRAMhh           cstackCOMRAMhh 00050A
__pivt0x8                   ivt0x8         000008
__psmallconst               smallconst     002600
__ptext0                    text0          016880
__ptext1                    text1          018628
__ptext10                   text10         018666
__ptext11                   text11         0184FA
__ptext12                   text12         018426
__ptext13                   text13         017C9C
__ptext14                   text14         018054
__ptext15                   text15         018120
__ptext16                   text16         018470
__ptext17                   text17         017044
__ptext18                   text18         0185AA
__ptext19                   text19         016D1C
__ptext2                    text2          0184B6
__ptext20                   text20         017F84
__ptext21                   text21         018328
__ptext22                   text22         0175E0
__ptext23                   text23         0185D8
__ptext24                   text24         017E44
__ptext25                   text25         018674
__ptext26                   text26         01734C
__ptext27                   text27         017868
__ptext28                   text28         01864C
__ptext3                    text3          017ACE
__ptext4                    text4          0181DA
__ptext5                    text5          016004
__ptext6                    text6          018576
__ptext7                    text7          0183B2
__ptext8                    text8          01853E
__ptext9                    text9          018288
__ramtop                    ramtop         002600
__smallconst                smallconst     002600
_bank_rom                   _bank_rom_text 014000
_bank_rom_absaddr           (abs)          014000
_break_h                    (abs)          000509
_break_l                    (abs)          000508
_data_SP                    (abs)          000504
_data_put1                  (abs)          000505
_data_put2                  (abs)          000506
_data_put3                  (abs)          000507
_dbuf                       bssBANK5       00056E
_efgtoa                     text5          016004
_efgtoa$883                 cstackBANK5    0005C4
_flags                      bssCOMRAMhh    00055E
_floorf                     text13         017C9C
_fputc                      text9          018288
_fputs                      text8          01853E
_i                          bssBANK5       00056C
_labs                       text12         018426
_led_7seg_write             text23         0185D8
_led_font                   smallconst     002601
_main                       text0          016880
_main$1188                  cstackBANK5    0005F8
_main$1189                  cstackBANK5    0005FC
_memcpy                     text11         0184FA
_pad                        text7          0183B2
_prec                       bssBANK5       00056A
_printf                     text1          018628
_putch                      text10         018666
_ram                        (abs)          000600
_read_prec_or_width         text4          0181DA
_rom                        _rom_text      010000
_rom_absaddr                (abs)          010000
_strcpy                     text6          018576
_vfpfcnvrt                  text3          017ACE
_vfprintf                   text2          0184B6
_width                      bssBANK5       000568
efgtoa@c                    cstackCOMRAMhh 00054C
efgtoa@d                    cstackBANK5    0005C9
efgtoa@e                    cstackBANK5    0005CD
efgtoa@f                    cstackCOMRAMhh 000548
efgtoa@fp                   cstackCOMRAMhh 000546
efgtoa@g                    cstackBANK5    0005E2
efgtoa@h                    cstackBANK5    0005D7
efgtoa@i                    cstackBANK5    0005D5
efgtoa@l                    cstackBANK5    0005DB
efgtoa@m                    cstackBANK5    0005CB
efgtoa@mode                 cstackBANK5    0005C7
efgtoa@n                    cstackBANK5    0005E0
efgtoa@ne                   cstackBANK5    0005BE
efgtoa@nmode                cstackBANK5    0005C8
efgtoa@ou                   cstackBANK5    0005D1
efgtoa@p                    cstackBANK5    0005C0
efgtoa@pp                   cstackBANK5    0005C6
efgtoa@sign                 cstackBANK5    0005DF
efgtoa@t                    cstackBANK5    0005C2
efgtoa@u                    cstackBANK5    0005E6
efgtoa@w                    cstackBANK5    0005CF
end_of_initialization       cinit          018622
floorf@F521                 bssBANK5       000560
floorf@e                    cstackCOMRAMhh 000540
floorf@m                    cstackCOMRAMhh 00053C
floorf@u                    cstackCOMRAMhh 000542
floorf@x                    cstackCOMRAMhh 000532
fputc@c                     cstackCOMRAMhh 00050C
fputc@fp                    cstackCOMRAMhh 00050E
fputs@c                     cstackCOMRAMhh 000519
fputs@fp                    cstackCOMRAMhh 000517
fputs@i                     cstackCOMRAMhh 00051A
fputs@s                     cstackCOMRAMhh 000515
intlevel0                   text           000000
intlevel1                   text           000000
intlevel2                   text           000000
intlevel3                   text           000000
isa$std                     (abs)          000001
isa$xinst                   (abs)          000000
ivt0x8_base                 ivt0x8         000008
ivt0x8_undefint             ivt0x8         000100
labs@a                      cstackCOMRAMhh 00050B
led_7seg_write@c            cstackCOMRAMhh 00050B
led_7seg_write@r            cstackCOMRAMhh 00050C
memcpy@d                    cstackCOMRAMhh 000511
memcpy@d1                   cstackCOMRAMhh 00050B
memcpy@n                    cstackCOMRAMhh 00050F
memcpy@s                    cstackCOMRAMhh 000513
memcpy@s1                   cstackCOMRAMhh 00050D
memcpy@tmp                  cstackCOMRAMhh 000515
pad@buf                     cstackCOMRAMhh 00051E
pad@fp                      cstackCOMRAMhh 00051C
pad@i                       cstackCOMRAMhh 000523
pad@p                       cstackCOMRAMhh 000520
printf@ap                   cstackBANK5    0005F4
printf@fmt                  cstackBANK5    0005EF
putch@c                     cstackCOMRAMhh 00050B
read_prec_or_width@ap       cstackCOMRAMhh 00050D
read_prec_or_width@c        cstackCOMRAMhh 000511
read_prec_or_width@fmt      cstackCOMRAMhh 00050B
read_prec_or_width@n        cstackCOMRAMhh 000512
stackhi                     (abs)          000000
stacklo                     (abs)          000000
start                       init           016000
start_initialization        cinit          018606
strcpy@d                    cstackCOMRAMhh 00050F
strcpy@dest                 cstackCOMRAMhh 00050B
strcpy@src                  cstackCOMRAMhh 00050D
vfpfcnvrt@ap                cstackCOMRAMhh 000553
vfpfcnvrt@c                 cstackCOMRAMhh 00055B
vfpfcnvrt@convarg           cstackCOMRAMhh 000557
vfpfcnvrt@cp                cstackCOMRAMhh 00055C
vfpfcnvrt@fmt               cstackCOMRAMhh 000551
vfpfcnvrt@fp                cstackCOMRAMhh 00054F
vfprintf@ap                 cstackBANK5    0005ED
vfprintf@cfmt               cstackCOMRAMhh 00055D
vfprintf@fmt                cstackBANK5    0005EC
vfprintf@fp                 cstackBANK5    0005EA


MODULE INFORMATION

Module		Function		Class		Link	Load	Size
C:\Program Files\Microchip\xc8\v3.00\pic\sources\c99\common\flge.c
		___flge        		CODE           	17F84	0000	208

C:\Program Files\Microchip\xc8\v3.00\pic\sources\c99\common\flge.c estimated size: 208

C:\Program Files\Microchip\xc8\v3.00\pic\sources\c99\common\nf_fputc.c
		_fputc         		CODE           	18288	0000	160

C:\Program Files\Microchip\xc8\v3.00\pic\sources\c99\common\nf_fputc.c estimated size: 160

C:\Program Files\Microchip\xc8\v3.00\pic\sources\c99\common\memcpy.c
		_memcpy        		CODE           	184FA	0000	68

C:\Program Files\Microchip\xc8\v3.00\pic\sources\c99\common\memcpy.c estimated size: 68

C:\Program Files\Microchip\xc8\v3.00\pic\sources\c99\common\flneg.c
		___flneg       		CODE           	185AA	0000	46

C:\Program Files\Microchip\xc8\v3.00\pic\sources\c99\common\flneg.c estimated size: 46

C:\Program Files\Microchip\xc8\v3.00\pic\sources\c99\common\__fpclassifyf.c
		___fpclassifyf 		CODE           	18054	0000	204

C:\Program Files\Microchip\xc8\v3.00\pic\sources\c99\common\__fpclassifyf.c estimated size: 204

EMU8008.c
		_putch         		CODE           	18666	0000	12
		_main          		CODE           	16880	0000	1180
		_led_7seg_write		CODE           	185D8	0000	46
		_HLT_ISR       		CODE           	1864C	0000	26
		_Default_ISR   		CODE           	18674	0000	2
		_T1I_ISR       		CODE           	17868	0000	614
		_T1_ISR        		CODE           	1734C	0000	660

EMU8008.c estimated size: 2540

C:\Program Files\Microchip\xc8\v3.00\pic\sources\c99\common\printf.c
		_printf        		CODE           	18628	0000	34

C:\Program Files\Microchip\xc8\v3.00\pic\sources\c99\common\printf.c estimated size: 34

C:\Program Files\Microchip\xc8\v3.00\pic\sources\c99\common\floorf.c
		_floorf        		CODE           	17C9C	0000	424

C:\Program Files\Microchip\xc8\v3.00\pic\sources\c99\common\floorf.c estimated size: 424

C:\Program Files\Microchip\xc8\v3.00\pic\sources\c99\common\fleq.c
		___fleq        		CODE           	18328	0000	138

C:\Program Files\Microchip\xc8\v3.00\pic\sources\c99\common\fleq.c estimated size: 138

C:\Program Files\Microchip\xc8\v3.00\pic\sources\c99\common\sprcmul.c
		___flmul       		CODE           	16D1C	0000	808

C:\Program Files\Microchip\xc8\v3.00\pic\sources\c99\common\sprcmul.c estimated size: 808

C:\Program Files\Microchip\xc8\v3.00\pic\sources\c99\common\sprcdiv.c
		___fldiv       		CODE           	175E0	0000	646

C:\Program Files\Microchip\xc8\v3.00\pic\sources\c99\common\sprcdiv.c estimated size: 646

shared
		_bank_rom      		CODE           	14000	0000	8192
		_led_font      		SMALLCONST     	2601	0000	16
		_rom           		CODE           	10000	0000	16384
		__initialization		CODE           	18606	0000	28

shared estimated size: 24620

C:\Program Files\Microchip\xc8\v3.00\pic\sources\c99\common\xxtofl.c
		___xxtofl      		CODE           	17E44	0000	320

C:\Program Files\Microchip\xc8\v3.00\pic\sources\c99\common\xxtofl.c estimated size: 320

C:\Program Files\Microchip\xc8\v3.00\pic\sources\c99\common\nf_fputs.c
		_fputs         		CODE           	1853E	0000	56

C:\Program Files\Microchip\xc8\v3.00\pic\sources\c99\common\nf_fputs.c estimated size: 56

C:\Program Files\Microchip\xc8\v3.00\pic\sources\c99\common\strcpy.c
		_strcpy        		CODE           	18576	0000	52

C:\Program Files\Microchip\xc8\v3.00\pic\sources\c99\common\strcpy.c estimated size: 52

C:\Program Files\Microchip\xc8\v3.00\pic\sources\c99\common\fltol.c
		___fltol       		CODE           	18120	0000	186

C:\Program Files\Microchip\xc8\v3.00\pic\sources\c99\common\fltol.c estimated size: 186

C:\Program Files\Microchip\xc8\v3.00\pic\sources\c99\common\labs.c
		_labs          		CODE           	18426	0000	74

C:\Program Files\Microchip\xc8\v3.00\pic\sources\c99\common\labs.c estimated size: 74

C:\Program Files\Microchip\xc8\v3.00\pic\sources\c99\common\doprnt.c
		_read_prec_or_width		CODE           	181DA	0000	174
		_vfpfcnvrt     		CODE           	17ACE	0000	462
		_efgtoa        		CODE           	16004	0000	2172
		_pad           		CODE           	183B2	0000	116
		_vfprintf      		CODE           	184B6	0000	68

C:\Program Files\Microchip\xc8\v3.00\pic\sources\c99\common\doprnt.c estimated size: 2992

C:\Program Files\Microchip\xc8\v3.00\pic\sources\c99\common\sprcadd.c
		___flsub       		CODE           	18470	0000	70
		___fladd       		CODE           	17044	0000	776

C:\Program Files\Microchip\xc8\v3.00\pic\sources\c99\common\sprcadd.c estimated size: 846

